[INFO] [1787750419.801397052] [ros2_metrics_collector]: Subscribed to /panther/navigate_to_pose/_action/status
[INFO] [1787750419.807632221] [ros2_metrics_collector]: Subscribed to /panther2/navigate_to_pose/_action/status
[INFO] [1787750419.810600535] [ros2_metrics_collector]: Goal CSV initialised: /output/ros2_goals.csv
[INFO] [1787750419.811225836] [ros2_metrics_collector]: Collecting metrics for ['panther', 'panther2'] → /output (500s)
[INFO] [1787750419.813140523] [ros2_metrics_collector]: [panther] Goal started: status=EXECUTING
[INFO] [1787750419.874921569] [ros2_metrics_collector]: [panther2] Goal started: status=EXECUTING
[INFO] [1787750421.650017546] [ros2_metrics_collector]: [panther] Goal SUCCEEDED in 1.8s (recoveries: spin=0 backup=0 wait=0 drive=0)
[INFO] [1787750421.707090472] [ros2_metrics_collector]: [panther] Goal started: status=EXECUTING
[INFO] [1787750422.473974665] [ros2_metrics_collector]: Flushed 1 goal(s) to CSV
[INFO] [1787750439.048351442] [ros2_metrics_collector]: [panther2] Goal SUCCEEDED in 19.2s (recoveries: spin=0 backup=0 wait=0 drive=0)
[INFO] [1787750439.051540543] [ros2_metrics_collector]: [panther2] Goal started: status=EXECUTING
[INFO] [1787750439.396339403] [ros2_metrics_collector]: Flushed 1 goal(s) to CSV
[INFO] [1787750450.380394600] [ros2_metrics_collector]: [diag] elapsed=30s status_cb_calls=6 goals: started=4 completed=2 active=2 skipped_historical=0
[INFO] [1787750481.688113687] [ros2_metrics_collector]: [panther] Goal SUCCEEDED in 60.0s (recoveries: spin=0 backup=0 wait=0 drive=0)
[INFO] [1787750481.779350132] [ros2_metrics_collector]: [panther] Goal started: status=EXECUTING
[INFO] [1787750482.889247121] [ros2_metrics_collector]: Flushed 1 goal(s) to CSV
[INFO] [1787750502.912419791] [ros2_metrics_collector]: [panther2] Goal SUCCEEDED in 63.9s (recoveries: spin=0 backup=0 wait=0 drive=0)
[INFO] [1787750503.000347049] [ros2_metrics_collector]: [panther2] Goal started: status=EXECUTING
[INFO] [1787750503.433868609] [ros2_metrics_collector]: Flushed 1 goal(s) to CSV
[INFO] [1787750510.352299729] [ros2_metrics_collector]: [diag] elapsed=90s status_cb_calls=10 goals: started=6 completed=4 active=2 skipped_historical=0
[INFO] [1787750552.786262116] [ros2_metrics_collector]: [panther] Goal SUCCEEDED in 71.0s (recoveries: spin=0 backup=0 wait=0 drive=0)
[INFO] [1787750552.872673430] [ros2_metrics_collector]: [panther] Goal started: status=EXECUTING
[INFO] [1787750553.992476057] [ros2_metrics_collector]: Flushed 1 goal(s) to CSV
[INFO] [1787750577.773635593] [ros2_metrics_collector]: [panther2] Goal SUCCEEDED in 74.8s (recoveries: spin=0 backup=0 wait=0 drive=0)
[INFO] [1787750577.800266009] [ros2_metrics_collector]: [panther2] Goal started: status=EXECUTING
[INFO] [1787750578.754763828] [ros2_metrics_collector]: Flushed 1 goal(s) to CSV
[INFO] [1787750600.357785753] [ros2_metrics_collector]: [diag] elapsed=180s status_cb_calls=14 goals: started=8 completed=6 active=2 skipped_historical=0
[INFO] [1787750635.941819059] [ros2_metrics_collector]: [panther] Goal SUCCEEDED in 83.1s (recoveries: spin=0 backup=0 wait=0 drive=0)
[INFO] [1787750636.031856472] [ros2_metrics_collector]: [panther] Goal started: status=EXECUTING
[INFO] [1787750636.996289694] [ros2_metrics_collector]: Flushed 1 goal(s) to CSV
[INFO] [1787750660.363450107] [ros2_metrics_collector]: [diag] elapsed=240s status_cb_calls=16 goals: started=9 completed=7 active=2 skipped_historical=0
[INFO] [1787750674.281129460] [ros2_metrics_collector]: [panther2] Goal SUCCEEDED in 96.5s (recoveries: spin=0 backup=0 wait=0 drive=0)
[INFO] [1787750674.352557538] [ros2_metrics_collector]: [panther2] Goal started: status=EXECUTING
[INFO] [1787750675.613749470] [ros2_metrics_collector]: Flushed 1 goal(s) to CSV
[INFO] [1787750739.637409011] [ros2_metrics_collector]: [panther2] Goal SUCCEEDED in 65.3s (recoveries: spin=0 backup=0 wait=0 drive=0)
[INFO] [1787750739.651290728] [ros2_metrics_collector]: [panther2] Goal started: status=EXECUTING
[INFO] [1787750739.685116604] [ros2_metrics_collector]: Flushed 1 goal(s) to CSV
[INFO] [1787750745.232897549] [ros2_metrics_collector]: [panther] Goal SUCCEEDED in 109.2s (recoveries: spin=0 backup=0 wait=0 drive=0)
[INFO] [1787750745.293545045] [ros2_metrics_collector]: [panther] Goal started: status=EXECUTING
[INFO] [1787750746.703272891] [ros2_metrics_collector]: Flushed 1 goal(s) to CSV
[INFO] [1787750780.661825638] [ros2_metrics_collector]: [diag] elapsed=360s status_cb_calls=22 goals: started=12 completed=10 active=2 skipped_historical=0
[INFO] [1787750817.565378255] [ros2_metrics_collector]: [panther] Goal SUCCEEDED in 72.3s (recoveries: spin=0 backup=0 wait=0 drive=0)
[INFO] [1787750817.619238356] [ros2_metrics_collector]: [panther] Goal started: status=EXECUTING
[INFO] [1787750818.372446172] [ros2_metrics_collector]: Flushed 1 goal(s) to CSV
[INFO] [1787750836.427629170] [ros2_metrics_collector]: [panther2] Goal SUCCEEDED in 96.8s (recoveries: spin=0 backup=0 wait=0 drive=0)
[INFO] [1787750836.457086011] [ros2_metrics_collector]: [panther2] Goal started: status=EXECUTING
[INFO] [1787750838.815009275] [ros2_metrics_collector]: Flushed 1 goal(s) to CSV
[INFO] [1787750870.637575450] [ros2_metrics_collector]: [diag] elapsed=450s status_cb_calls=26 goals: started=14 completed=12 active=2 skipped_historical=0
[INFO] [1787750919.982503566] [ros2_metrics_collector]: [panther] Goal SUCCEEDED in 102.4s (recoveries: spin=0 backup=0 wait=0 drive=0)
[INFO] [1787750920.004572766] [ros2_metrics_collector]: [panther] Goal started: status=EXECUTING
[INFO] [1787750920.036778357] [ros2_metrics_collector]: Flushed 1 goal(s) to CSV
[INFO] [1787750920.037444197] [ros2_metrics_collector]: Duration reached — shutting down
[INFO] [1787750920.037877691] [ros2_metrics_collector]: Final stats: status_cb_calls=28 goals_started=15 goals_completed=13 goals_skipped_historical=0
[INFO] [1787750920.038366446] [ros2_metrics_collector]: CSV files closed
