[INFO] [1787749719.989261154] [ros2_metrics_collector]: Subscribed to /panther/navigate_to_pose/_action/status
[INFO] [1787749719.991812531] [ros2_metrics_collector]: Goal CSV initialised: /output/ros2_goals.csv
[INFO] [1787749719.992447718] [ros2_metrics_collector]: Collecting metrics for ['panther'] → /output (500s)
[INFO] [1787749719.994439078] [ros2_metrics_collector]: [panther] Goal started: status=EXECUTING
[INFO] [1787749744.505299728] [ros2_metrics_collector]: [panther] Goal SUCCEEDED in 24.5s (recoveries: spin=0 backup=0 wait=0 drive=0)
[INFO] [1787749744.506449795] [ros2_metrics_collector]: [panther] Goal started: status=EXECUTING
[INFO] [1787749745.235730546] [ros2_metrics_collector]: Flushed 1 goal(s) to CSV
[INFO] [1787749750.847536876] [ros2_metrics_collector]: [diag] elapsed=30s status_cb_calls=3 goals: started=2 completed=1 active=1 skipped_historical=0
[INFO] [1787749780.518786985] [ros2_metrics_collector]: [diag] elapsed=60s status_cb_calls=3 goals: started=2 completed=1 active=1 skipped_historical=0
[INFO] [1787749789.467040503] [ros2_metrics_collector]: [panther] Goal SUCCEEDED in 45.0s (recoveries: spin=0 backup=0 wait=0 drive=0)
[INFO] [1787749789.468637078] [ros2_metrics_collector]: [panther] Goal started: status=EXECUTING
[INFO] [1787749789.859150058] [ros2_metrics_collector]: Flushed 1 goal(s) to CSV
[INFO] [1787749810.013813917] [ros2_metrics_collector]: [diag] elapsed=90s status_cb_calls=5 goals: started=3 completed=2 active=1 skipped_historical=0
[INFO] [1787749837.629240498] [ros2_metrics_collector]: [panther] Goal SUCCEEDED in 48.2s (recoveries: spin=0 backup=0 wait=0 drive=0)
[INFO] [1787749837.630470465] [ros2_metrics_collector]: [panther] Goal started: status=EXECUTING
[INFO] [1787749838.183299444] [ros2_metrics_collector]: Flushed 1 goal(s) to CSV
[INFO] [1787749840.653212739] [ros2_metrics_collector]: [diag] elapsed=120s status_cb_calls=7 goals: started=4 completed=3 active=1 skipped_historical=0
[INFO] [1787749890.994423755] [ros2_metrics_collector]: [panther] Goal SUCCEEDED in 53.4s (recoveries: spin=0 backup=0 wait=0 drive=0)
[INFO] [1787749890.995669806] [ros2_metrics_collector]: [panther] Goal started: status=EXECUTING
[INFO] [1787749891.746376795] [ros2_metrics_collector]: Flushed 1 goal(s) to CSV
[INFO] [1787749930.337215775] [ros2_metrics_collector]: [diag] elapsed=210s status_cb_calls=9 goals: started=5 completed=4 active=1 skipped_historical=0
[INFO] [1787749955.066229528] [ros2_metrics_collector]: [panther] Goal SUCCEEDED in 64.1s (recoveries: spin=0 backup=0 wait=0 drive=0)
[INFO] [1787749955.068703197] [ros2_metrics_collector]: [panther] Goal started: status=EXECUTING
[INFO] [1787749956.222599897] [ros2_metrics_collector]: Flushed 1 goal(s) to CSV
[INFO] [1787749960.277340532] [ros2_metrics_collector]: [diag] elapsed=240s status_cb_calls=11 goals: started=6 completed=5 active=1 skipped_historical=0
[INFO] [1787749993.933663020] [ros2_metrics_collector]: [panther] Goal SUCCEEDED in 38.9s (recoveries: spin=0 backup=0 wait=0 drive=0)
[INFO] [1787749993.934929309] [ros2_metrics_collector]: [panther] Goal started: status=EXECUTING
[INFO] [1787749994.053633773] [ros2_metrics_collector]: Flushed 1 goal(s) to CSV
[INFO] [1787750019.971499449] [ros2_metrics_collector]: [diag] elapsed=300s status_cb_calls=13 goals: started=7 completed=6 active=1 skipped_historical=0
[INFO] [1787750049.795528713] [ros2_metrics_collector]: [panther] Goal SUCCEEDED in 55.9s (recoveries: spin=0 backup=0 wait=0 drive=0)
[INFO] [1787750049.796809102] [ros2_metrics_collector]: [panther] Goal started: status=EXECUTING
[INFO] [1787750050.953287439] [ros2_metrics_collector]: Flushed 1 goal(s) to CSV
[INFO] [1787750110.639288268] [ros2_metrics_collector]: [diag] elapsed=390s status_cb_calls=15 goals: started=8 completed=7 active=1 skipped_historical=0
[INFO] [1787750111.457907716] [ros2_metrics_collector]: [panther] Goal SUCCEEDED in 61.7s (recoveries: spin=0 backup=0 wait=0 drive=0)
[INFO] [1787750111.459162622] [ros2_metrics_collector]: [panther] Goal started: status=EXECUTING
[INFO] [1787750112.299337146] [ros2_metrics_collector]: Flushed 1 goal(s) to CSV
[INFO] [1787750140.712430001] [ros2_metrics_collector]: [diag] elapsed=420s status_cb_calls=17 goals: started=9 completed=8 active=1 skipped_historical=0
[INFO] [1787750169.909153741] [ros2_metrics_collector]: [diag] elapsed=450s status_cb_calls=17 goals: started=9 completed=8 active=1 skipped_historical=0
[INFO] [1787750178.216254096] [ros2_metrics_collector]: [panther] Goal SUCCEEDED in 66.8s (recoveries: spin=0 backup=0 wait=0 drive=0)
[INFO] [1787750178.217509189] [ros2_metrics_collector]: [panther] Goal started: status=EXECUTING
[INFO] [1787750179.752317366] [ros2_metrics_collector]: Flushed 1 goal(s) to CSV
[INFO] [1787750221.216307720] [ros2_metrics_collector]: Duration reached — shutting down
[INFO] [1787750221.216787855] [ros2_metrics_collector]: Final stats: status_cb_calls=19 goals_started=10 goals_completed=9 goals_skipped_historical=0
[INFO] [1787750221.217290881] [ros2_metrics_collector]: CSV files closed
