[INFO] [1787412741.930130180] [ros2_metrics_collector]: Subscribed to /panther/navigate_to_pose/_action/status
[INFO] [1787412741.936434817] [ros2_metrics_collector]: Subscribed to /panther2/navigate_to_pose/_action/status
[INFO] [1787412741.939325907] [ros2_metrics_collector]: Goal CSV initialised: /output/ros2_goals.csv
[INFO] [1787412741.939967439] [ros2_metrics_collector]: Collecting metrics for ['panther', 'panther2'] → /output (500s)
[INFO] [1787412741.942095074] [ros2_metrics_collector]: [panther] Goal started: status=EXECUTING
[INFO] [1787412741.942694369] [ros2_metrics_collector]: [panther2] Goal started: status=EXECUTING
[INFO] [1787412764.894365647] [ros2_metrics_collector]: [panther] Goal SUCCEEDED in 23.0s (recoveries: spin=0 backup=0 wait=0 drive=0)
[INFO] [1787412764.986676037] [ros2_metrics_collector]: [panther] Goal started: status=EXECUTING
[INFO] [1787412765.986764917] [ros2_metrics_collector]: Flushed 1 goal(s) to CSV
[INFO] [1787412772.069814196] [ros2_metrics_collector]: [diag] elapsed=30s status_cb_calls=4 goals: started=3 completed=1 active=2 skipped_historical=0
[INFO] [1787412779.178888924] [ros2_metrics_collector]: [panther2] Goal SUCCEEDED in 37.2s (recoveries: spin=0 backup=0 wait=0 drive=0)
[INFO] [1787412779.279972488] [ros2_metrics_collector]: [panther2] Goal started: status=EXECUTING
[INFO] [1787412779.798264037] [ros2_metrics_collector]: Flushed 1 goal(s) to CSV
[INFO] [1787412801.847981107] [ros2_metrics_collector]: [diag] elapsed=60s status_cb_calls=6 goals: started=4 completed=2 active=2 skipped_historical=0
[INFO] [1787412825.950585588] [ros2_metrics_collector]: [panther] Goal SUCCEEDED in 61.0s (recoveries: spin=0 backup=0 wait=0 drive=0)
[INFO] [1787412826.033550039] [ros2_metrics_collector]: [panther] Goal started: status=EXECUTING
[INFO] [1787412826.271202738] [ros2_metrics_collector]: Flushed 1 goal(s) to CSV
[INFO] [1787412845.781670318] [ros2_metrics_collector]: [panther2] Goal SUCCEEDED in 66.5s (recoveries: spin=0 backup=0 wait=0 drive=0)
[INFO] [1787412845.879546555] [ros2_metrics_collector]: [panther2] Goal started: status=EXECUTING
[INFO] [1787412846.241225821] [ros2_metrics_collector]: Flushed 1 goal(s) to CSV
[INFO] [1787412892.566904164] [ros2_metrics_collector]: [diag] elapsed=150s status_cb_calls=10 goals: started=6 completed=4 active=2 skipped_historical=0
[INFO] [1787412894.111254107] [ros2_metrics_collector]: [panther] Goal SUCCEEDED in 68.1s (recoveries: spin=0 backup=0 wait=0 drive=0)
[INFO] [1787412894.209817870] [ros2_metrics_collector]: [panther] Goal started: status=EXECUTING
[INFO] [1787412894.293610237] [ros2_metrics_collector]: Flushed 1 goal(s) to CSV
[INFO] [1787412917.068799103] [ros2_metrics_collector]: [panther2] Goal SUCCEEDED in 71.2s (recoveries: spin=0 backup=0 wait=0 drive=0)
[INFO] [1787412917.128689964] [ros2_metrics_collector]: [panther2] Goal started: status=EXECUTING
[INFO] [1787412917.791743506] [ros2_metrics_collector]: Flushed 1 goal(s) to CSV
[INFO] [1787412970.279232835] [ros2_metrics_collector]: [panther] Goal SUCCEEDED in 76.1s (recoveries: spin=0 backup=0 wait=0 drive=0)
[INFO] [1787412970.331769588] [ros2_metrics_collector]: [panther] Goal started: status=EXECUTING
[INFO] [1787412970.820856403] [ros2_metrics_collector]: Flushed 1 goal(s) to CSV
[INFO] [1787412982.715671581] [ros2_metrics_collector]: [diag] elapsed=240s status_cb_calls=16 goals: started=9 completed=7 active=2 skipped_historical=0
[INFO] [1787413008.406667634] [ros2_metrics_collector]: [panther2] Goal SUCCEEDED in 91.3s (recoveries: spin=0 backup=0 wait=0 drive=0)
[INFO] [1787413008.417342083] [ros2_metrics_collector]: [panther2] Goal started: status=EXECUTING
[INFO] [1787413008.872801370] [ros2_metrics_collector]: Flushed 1 goal(s) to CSV
[INFO] [1787413066.944372709] [ros2_metrics_collector]: [panther] Goal SUCCEEDED in 96.6s (recoveries: spin=0 backup=0 wait=0 drive=0)
[INFO] [1787413066.991643422] [ros2_metrics_collector]: [panther] Goal started: status=EXECUTING
[INFO] [1787413067.596298584] [ros2_metrics_collector]: [panther2] Goal SUCCEEDED in 59.2s (recoveries: spin=0 backup=0 wait=0 drive=0)
[INFO] [1787413067.626397720] [ros2_metrics_collector]: [panther2] Goal started: status=EXECUTING
[INFO] [1787413069.082150683] [ros2_metrics_collector]: Flushed 2 goal(s) to CSV
[INFO] [1787413102.061109532] [ros2_metrics_collector]: [diag] elapsed=360s status_cb_calls=22 goals: started=12 completed=10 active=2 skipped_historical=0
[INFO] [1787413139.382140979] [ros2_metrics_collector]: [panther] Goal SUCCEEDED in 72.4s (recoveries: spin=0 backup=0 wait=0 drive=0)
[INFO] [1787413139.387747499] [ros2_metrics_collector]: [panther] Goal started: status=EXECUTING
[INFO] [1787413140.548889202] [ros2_metrics_collector]: Flushed 1 goal(s) to CSV
[INFO] [1787413160.492746755] [ros2_metrics_collector]: [panther2] Goal SUCCEEDED in 92.9s (recoveries: spin=0 backup=0 wait=0 drive=0)
[INFO] [1787413160.593578925] [ros2_metrics_collector]: [panther2] Goal started: status=EXECUTING
[INFO] [1787413161.871905067] [ros2_metrics_collector]: Flushed 1 goal(s) to CSV
[INFO] [1787413161.872558466] [ros2_metrics_collector]: [diag] elapsed=420s status_cb_calls=26 goals: started=14 completed=12 active=2 skipped_historical=0
[INFO] [1787413222.182822761] [ros2_metrics_collector]: [diag] elapsed=480s status_cb_calls=26 goals: started=14 completed=12 active=2 skipped_historical=0
[INFO] [1787413231.564513955] [ros2_metrics_collector]: [panther] Goal SUCCEEDED in 92.2s (recoveries: spin=0 backup=0 wait=0 drive=0)
[INFO] [1787413231.604888804] [ros2_metrics_collector]: [panther] Goal started: status=EXECUTING
[INFO] [1787413231.900846437] [ros2_metrics_collector]: Flushed 1 goal(s) to CSV
[INFO] [1787413244.177995083] [ros2_metrics_collector]: Duration reached — shutting down
[INFO] [1787413244.178451865] [ros2_metrics_collector]: Final stats: status_cb_calls=28 goals_started=15 goals_completed=13 goals_skipped_historical=0
[INFO] [1787413244.178948595] [ros2_metrics_collector]: CSV files closed
