[INFO] [1788342136.249172672] [ros2_metrics_collector]: Subscribed to /panther/navigate_to_pose/_action/status
[INFO] [1788342136.251392587] [ros2_metrics_collector]: Goal CSV initialised: /output/ros2_goals.csv
[INFO] [1788342136.252038353] [ros2_metrics_collector]: Collecting metrics for ['panther'] → /output (500s)
[INFO] [1788342136.270233726] [ros2_metrics_collector]: [panther] Goal started: status=EXECUTING
[INFO] [1788342153.976883518] [ros2_metrics_collector]: [panther] Goal SUCCEEDED in 17.7s wall / 16.2s sim (recoveries: spin=0 backup=0 wait=0 drive=0)
[INFO] [1788342153.981755095] [ros2_metrics_collector]: [panther] Goal started: status=EXECUTING
[INFO] [1788342154.909350504] [ros2_metrics_collector]: Flushed 1 goal(s) to CSV
[INFO] [1788342167.139937837] [ros2_metrics_collector]: [diag] elapsed=30s sim_time=155.0s status_cb_calls=3 goals: started=2 completed=1 active=1 skipped_historical=2
[INFO] [1788342196.607524446] [ros2_metrics_collector]: [diag] elapsed=60s sim_time=181.0s status_cb_calls=3 goals: started=2 completed=1 active=1 skipped_historical=2
[INFO] [1788342201.982955463] [ros2_metrics_collector]: [panther] Goal SUCCEEDED in 48.0s wall / 42.5s sim (recoveries: spin=0 backup=0 wait=0 drive=0)
[INFO] [1788342201.987287032] [ros2_metrics_collector]: [panther] Goal started: status=EXECUTING
[INFO] [1788342202.354426391] [ros2_metrics_collector]: Flushed 1 goal(s) to CSV
[INFO] [1788342226.875749810] [ros2_metrics_collector]: [diag] elapsed=90s sim_time=207.0s status_cb_calls=5 goals: started=3 completed=2 active=1 skipped_historical=2
[INFO] [1788342256.838391648] [ros2_metrics_collector]: [diag] elapsed=120s sim_time=232.0s status_cb_calls=5 goals: started=3 completed=2 active=1 skipped_historical=2
[INFO] [1788342260.668062579] [ros2_metrics_collector]: [panther] Goal SUCCEEDED in 58.7s wall / 49.4s sim (recoveries: spin=0 backup=0 wait=0 drive=0)
[INFO] [1788342260.677716448] [ros2_metrics_collector]: [panther] Goal started: status=EXECUTING
[INFO] [1788342261.739997460] [ros2_metrics_collector]: Flushed 1 goal(s) to CSV
[INFO] [1788342286.526338608] [ros2_metrics_collector]: [diag] elapsed=150s sim_time=256.0s status_cb_calls=7 goals: started=4 completed=3 active=1 skipped_historical=2
[INFO] [1788342294.848781307] [ros2_metrics_collector]: [panther] Goal SUCCEEDED in 34.2s wall / 27.5s sim (recoveries: spin=0 backup=0 wait=0 drive=0)
[INFO] [1788342294.853898650] [ros2_metrics_collector]: [panther] Goal started: status=EXECUTING
[INFO] [1788342295.324792381] [ros2_metrics_collector]: Flushed 1 goal(s) to CSV
[INFO] [1788342317.009611318] [ros2_metrics_collector]: [diag] elapsed=180s sim_time=280.0s status_cb_calls=9 goals: started=5 completed=4 active=1 skipped_historical=2
[INFO] [1788342346.244857509] [ros2_metrics_collector]: [panther] Goal SUCCEEDED in 51.4s wall / 39.8s sim (recoveries: spin=0 backup=0 wait=0 drive=0)
[INFO] [1788342346.246115424] [ros2_metrics_collector]: [panther] Goal started: status=EXECUTING
[INFO] [1788342347.001389147] [ros2_metrics_collector]: Flushed 1 goal(s) to CSV
[INFO] [1788342347.002042350] [ros2_metrics_collector]: [diag] elapsed=210s sim_time=303.0s status_cb_calls=11 goals: started=6 completed=5 active=1 skipped_historical=2
[INFO] [1788342376.478163143] [ros2_metrics_collector]: [diag] elapsed=240s sim_time=325.0s status_cb_calls=11 goals: started=6 completed=5 active=1 skipped_historical=2
[INFO] [1788342400.207039173] [ros2_metrics_collector]: [panther] Goal SUCCEEDED in 54.0s wall / 39.9s sim (recoveries: spin=0 backup=0 wait=0 drive=0)
[INFO] [1788342400.212715601] [ros2_metrics_collector]: [panther] Goal started: status=EXECUTING
[INFO] [1788342401.119387586] [ros2_metrics_collector]: Flushed 1 goal(s) to CSV
[INFO] [1788342406.648675979] [ros2_metrics_collector]: [diag] elapsed=270s sim_time=347.0s status_cb_calls=13 goals: started=7 completed=6 active=1 skipped_historical=2
[INFO] [1788342436.166269899] [ros2_metrics_collector]: [diag] elapsed=300s sim_time=368.0s status_cb_calls=13 goals: started=7 completed=6 active=1 skipped_historical=2
[INFO] [1788342460.294107180] [ros2_metrics_collector]: [panther] Goal SUCCEEDED in 60.1s wall / 42.5s sim (recoveries: spin=0 backup=0 wait=0 drive=0)
[INFO] [1788342460.298049958] [ros2_metrics_collector]: [panther] Goal started: status=EXECUTING
[INFO] [1788342460.581930402] [ros2_metrics_collector]: Flushed 1 goal(s) to CSV
[INFO] [1788342466.411872881] [ros2_metrics_collector]: [diag] elapsed=330s sim_time=389.0s status_cb_calls=15 goals: started=8 completed=7 active=1 skipped_historical=2
[INFO] [1788342527.097954066] [ros2_metrics_collector]: [diag] elapsed=390s sim_time=430.0s status_cb_calls=15 goals: started=8 completed=7 active=1 skipped_historical=2
[INFO] [1788342530.078706408] [ros2_metrics_collector]: [panther] Goal SUCCEEDED in 69.8s wall / 47.2s sim (recoveries: spin=0 backup=0 wait=0 drive=0)
[INFO] [1788342530.085514984] [ros2_metrics_collector]: [panther] Goal started: status=EXECUTING
[INFO] [1788342530.110163178] [ros2_metrics_collector]: Flushed 1 goal(s) to CSV
[INFO] [1788342557.133426875] [ros2_metrics_collector]: [diag] elapsed=420s sim_time=450.0s status_cb_calls=17 goals: started=9 completed=8 active=1 skipped_historical=2
[INFO] [1788342571.356744132] [ros2_metrics_collector]: [panther] Goal SUCCEEDED in 41.3s wall / 27.4s sim (recoveries: spin=0 backup=0 wait=0 drive=0)
[INFO] [1788342571.361326070] [ros2_metrics_collector]: [panther] Goal started: status=EXECUTING
[INFO] [1788342572.344585197] [ros2_metrics_collector]: Flushed 1 goal(s) to CSV
[INFO] [1788342631.232435619] [ros2_metrics_collector]: [panther] Goal SUCCEEDED in 59.9s wall / 38.6s sim (recoveries: spin=0 backup=0 wait=0 drive=0)
[INFO] [1788342631.237128227] [ros2_metrics_collector]: [panther] Goal started: status=EXECUTING
[INFO] [1788342631.265111119] [ros2_metrics_collector]: Flushed 1 goal(s) to CSV
[INFO] [1788342637.583888457] [ros2_metrics_collector]: Duration reached — shutting down
[INFO] [1788342637.584348912] [ros2_metrics_collector]: Final stats: status_cb_calls=21 goals_started=11 goals_completed=10 goals_skipped_historical=2
[INFO] [1788342637.584845909] [ros2_metrics_collector]: CSV files closed
