[INFO] [1787411969.128039286] [ros2_metrics_collector]: Subscribed to /panther/navigate_to_pose/_action/status
[INFO] [1787411969.130561044] [ros2_metrics_collector]: Goal CSV initialised: /output/ros2_goals.csv
[INFO] [1787411969.131222574] [ros2_metrics_collector]: Collecting metrics for ['panther'] → /output (500s)
[INFO] [1787411969.133685710] [ros2_metrics_collector]: [panther] Goal started: status=EXECUTING
[INFO] [1787411982.691825954] [ros2_metrics_collector]: [panther] Goal SUCCEEDED in 13.6s (recoveries: spin=0 backup=0 wait=0 drive=0)
[INFO] [1787411982.693530942] [ros2_metrics_collector]: [panther] Goal started: status=EXECUTING
[INFO] [1787411983.894999733] [ros2_metrics_collector]: Flushed 1 goal(s) to CSV
[INFO] [1787411999.743637432] [ros2_metrics_collector]: [diag] elapsed=30s status_cb_calls=3 goals: started=2 completed=1 active=1 skipped_historical=1
[INFO] [1787412029.232257797] [ros2_metrics_collector]: [diag] elapsed=60s status_cb_calls=3 goals: started=2 completed=1 active=1 skipped_historical=1
[INFO] [1787412035.764480087] [ros2_metrics_collector]: [panther] Goal SUCCEEDED in 53.1s (recoveries: spin=0 backup=0 wait=0 drive=0)
[INFO] [1787412035.766095851] [ros2_metrics_collector]: [panther] Goal started: status=EXECUTING
[INFO] [1787412036.938086512] [ros2_metrics_collector]: Flushed 1 goal(s) to CSV
[INFO] [1787412059.354737500] [ros2_metrics_collector]: [diag] elapsed=90s status_cb_calls=5 goals: started=3 completed=2 active=1 skipped_historical=1
[INFO] [1787412090.428602142] [ros2_metrics_collector]: [panther] Goal SUCCEEDED in 54.7s (recoveries: spin=0 backup=0 wait=0 drive=0)
[INFO] [1787412090.429971515] [ros2_metrics_collector]: [panther] Goal started: status=EXECUTING
[INFO] [1787412091.467877411] [ros2_metrics_collector]: Flushed 1 goal(s) to CSV
[INFO] [1787412149.712895916] [ros2_metrics_collector]: [diag] elapsed=180s status_cb_calls=7 goals: started=4 completed=3 active=1 skipped_historical=1
[INFO] [1787412157.512598110] [ros2_metrics_collector]: [panther] Goal SUCCEEDED in 67.1s (recoveries: spin=0 backup=0 wait=0 drive=0)
[INFO] [1787412157.514601068] [ros2_metrics_collector]: [panther] Goal started: status=EXECUTING
[INFO] [1787412158.327186706] [ros2_metrics_collector]: Flushed 1 goal(s) to CSV
[INFO] [1787412179.638949528] [ros2_metrics_collector]: [diag] elapsed=210s status_cb_calls=9 goals: started=5 completed=4 active=1 skipped_historical=1
[INFO] [1787412197.682318527] [ros2_metrics_collector]: [panther] Goal SUCCEEDED in 40.2s (recoveries: spin=0 backup=0 wait=0 drive=0)
[INFO] [1787412197.683582899] [ros2_metrics_collector]: [panther] Goal started: status=EXECUTING
[INFO] [1787412198.670985293] [ros2_metrics_collector]: Flushed 1 goal(s) to CSV
[INFO] [1787412255.144332886] [ros2_metrics_collector]: [panther] Goal SUCCEEDED in 57.5s (recoveries: spin=0 backup=0 wait=0 drive=0)
[INFO] [1787412255.145579371] [ros2_metrics_collector]: [panther] Goal started: status=EXECUTING
[INFO] [1787412255.439421136] [ros2_metrics_collector]: Flushed 1 goal(s) to CSV
[INFO] [1787412269.377573846] [ros2_metrics_collector]: [diag] elapsed=300s status_cb_calls=13 goals: started=7 completed=6 active=1 skipped_historical=1
[INFO] [1787412299.078239253] [ros2_metrics_collector]: [diag] elapsed=330s status_cb_calls=13 goals: started=7 completed=6 active=1 skipped_historical=1
[INFO] [1787412319.406060963] [ros2_metrics_collector]: [panther] Goal SUCCEEDED in 64.3s (recoveries: spin=0 backup=0 wait=0 drive=0)
[INFO] [1787412319.407399462] [ros2_metrics_collector]: [panther] Goal started: status=EXECUTING
[INFO] [1787412319.710188054] [ros2_metrics_collector]: Flushed 1 goal(s) to CSV
[INFO] [1787412329.333523674] [ros2_metrics_collector]: [diag] elapsed=360s status_cb_calls=15 goals: started=8 completed=7 active=1 skipped_historical=1
[INFO] [1787412359.886211606] [ros2_metrics_collector]: [diag] elapsed=390s status_cb_calls=15 goals: started=8 completed=7 active=1 skipped_historical=1
[INFO] [1787412385.068402934] [ros2_metrics_collector]: [panther] Goal SUCCEEDED in 65.7s (recoveries: spin=0 backup=0 wait=0 drive=0)
[INFO] [1787412385.069795231] [ros2_metrics_collector]: [panther] Goal started: status=EXECUTING
[INFO] [1787412386.107739504] [ros2_metrics_collector]: Flushed 1 goal(s) to CSV
[INFO] [1787412389.451819880] [ros2_metrics_collector]: [diag] elapsed=420s status_cb_calls=17 goals: started=9 completed=8 active=1 skipped_historical=1
[INFO] [1787412419.922962290] [ros2_metrics_collector]: [diag] elapsed=450s status_cb_calls=17 goals: started=9 completed=8 active=1 skipped_historical=1
[INFO] [1787412449.050485257] [ros2_metrics_collector]: [diag] elapsed=480s status_cb_calls=17 goals: started=9 completed=8 active=1 skipped_historical=1
[INFO] [1787412465.548852847] [ros2_metrics_collector]: [panther] Goal SUCCEEDED in 80.5s (recoveries: spin=0 backup=0 wait=0 drive=0)
[INFO] [1787412465.550516540] [ros2_metrics_collector]: [panther] Goal started: status=EXECUTING
[INFO] [1787412466.071738244] [ros2_metrics_collector]: Flushed 1 goal(s) to CSV
[INFO] [1787412469.410441501] [ros2_metrics_collector]: Duration reached — shutting down
[INFO] [1787412469.410925684] [ros2_metrics_collector]: Final stats: status_cb_calls=19 goals_started=10 goals_completed=9 goals_skipped_historical=1
[INFO] [1787412469.411419398] [ros2_metrics_collector]: CSV files closed
