[INFO] [1787756971.245357393] [ros2_metrics_collector]: Subscribed to /panther/navigate_to_pose/_action/status
[INFO] [1787756971.253058858] [ros2_metrics_collector]: Subscribed to /panther2/navigate_to_pose/_action/status
[INFO] [1787756971.260608101] [ros2_metrics_collector]: Subscribed to /panther3/navigate_to_pose/_action/status
[INFO] [1787756971.264346990] [ros2_metrics_collector]: Goal CSV initialised: /output/ros2_goals.csv
[INFO] [1787756971.264977573] [ros2_metrics_collector]: Collecting metrics for ['panther', 'panther2', 'panther3'] → /output (500s)
[INFO] [1787756971.267490155] [ros2_metrics_collector]: [panther] Goal started: status=EXECUTING
[INFO] [1787756971.268091572] [ros2_metrics_collector]: [panther2] Goal started: status=EXECUTING
[INFO] [1787756971.268676076] [ros2_metrics_collector]: [panther3] Goal started: status=EXECUTING
[INFO] [1787756984.584258869] [ros2_metrics_collector]: [panther] Goal SUCCEEDED in 13.3s (recoveries: spin=0 backup=0 wait=0 drive=0)
[INFO] [1787756984.612241545] [ros2_metrics_collector]: [panther] Goal started: status=EXECUTING
[INFO] [1787756987.019857406] [ros2_metrics_collector]: Flushed 1 goal(s) to CSV
[INFO] [1787757006.647258198] [ros2_metrics_collector]: [panther3] Goal SUCCEEDED in 35.4s (recoveries: spin=0 backup=0 wait=0 drive=0)
[INFO] [1787757006.744573936] [ros2_metrics_collector]: [panther2] Goal SUCCEEDED in 35.5s (recoveries: spin=0 backup=0 wait=0 drive=0)
[INFO] [1787757006.755217357] [ros2_metrics_collector]: [panther3] Goal started: status=EXECUTING
[INFO] [1787757006.847460832] [ros2_metrics_collector]: [panther2] Goal started: status=EXECUTING
[INFO] [1787757007.375570098] [ros2_metrics_collector]: Flushed 2 goal(s) to CSV
[INFO] [1787757031.268750271] [ros2_metrics_collector]: [diag] elapsed=60s status_cb_calls=9 goals: started=6 completed=3 active=3 skipped_historical=0
[INFO] [1787757077.284619631] [ros2_metrics_collector]: [panther] Goal SUCCEEDED in 92.7s (recoveries: spin=0 backup=0 wait=0 drive=0)
[INFO] [1787757077.389910533] [ros2_metrics_collector]: [panther] Goal started: status=EXECUTING
[INFO] [1787757078.038179455] [ros2_metrics_collector]: Flushed 1 goal(s) to CSV
[INFO] [1787757106.039392575] [ros2_metrics_collector]: [panther2] Goal SUCCEEDED in 99.2s (recoveries: spin=0 backup=0 wait=0 drive=0)
[INFO] [1787757106.060124417] [ros2_metrics_collector]: [panther2] Goal started: status=EXECUTING
[INFO] [1787757106.669911207] [ros2_metrics_collector]: Flushed 1 goal(s) to CSV
[INFO] [1787757107.230845441] [ros2_metrics_collector]: [panther3] Goal SUCCEEDED in 100.5s (recoveries: spin=0 backup=0 wait=0 drive=0)
[INFO] [1787757107.268679394] [ros2_metrics_collector]: [panther3] Goal started: status=EXECUTING
[INFO] [1787757109.134198687] [ros2_metrics_collector]: Flushed 1 goal(s) to CSV
[INFO] [1787757152.115784486] [ros2_metrics_collector]: [diag] elapsed=180s status_cb_calls=15 goals: started=9 completed=6 active=3 skipped_historical=0
[INFO] [1787757182.583729085] [ros2_metrics_collector]: [panther] Goal SUCCEEDED in 105.2s (recoveries: spin=0 backup=0 wait=0 drive=0)
[INFO] [1787757182.615590963] [ros2_metrics_collector]: [panther] Goal started: status=EXECUTING
[INFO] [1787757185.601800573] [ros2_metrics_collector]: Flushed 1 goal(s) to CSV
[INFO] [1787757211.257451079] [ros2_metrics_collector]: [diag] elapsed=240s status_cb_calls=17 goals: started=10 completed=7 active=3 skipped_historical=0
[INFO] [1787757220.527550930] [ros2_metrics_collector]: [panther2] Goal SUCCEEDED in 114.5s (recoveries: spin=0 backup=0 wait=0 drive=0)
[INFO] [1787757220.594948119] [ros2_metrics_collector]: [panther2] Goal started: status=EXECUTING
[INFO] [1787757222.773811758] [ros2_metrics_collector]: Flushed 1 goal(s) to CSV
[INFO] [1787757237.739820626] [ros2_metrics_collector]: [panther3] Goal SUCCEEDED in 130.5s (recoveries: spin=0 backup=0 wait=0 drive=0)
[INFO] [1787757237.816496317] [ros2_metrics_collector]: [panther3] Goal started: status=EXECUTING
[INFO] [1787757240.445213478] [ros2_metrics_collector]: Flushed 1 goal(s) to CSV
[INFO] [1787757301.282915700] [ros2_metrics_collector]: [panther] Goal SUCCEEDED in 118.7s (recoveries: spin=0 backup=0 wait=0 drive=0)
[INFO] [1787757301.334234593] [ros2_metrics_collector]: [panther] Goal started: status=EXECUTING
[INFO] [1787757304.159853105] [ros2_metrics_collector]: Flushed 1 goal(s) to CSV
[INFO] [1787757320.189485164] [ros2_metrics_collector]: [panther3] Goal SUCCEEDED in 82.4s (recoveries: spin=0 backup=0 wait=0 drive=0)
[INFO] [1787757320.220157802] [ros2_metrics_collector]: [panther3] Goal started: status=EXECUTING
[INFO] [1787757323.132152583] [ros2_metrics_collector]: Flushed 1 goal(s) to CSV
[INFO] [1787757361.737695673] [ros2_metrics_collector]: [diag] elapsed=390s status_cb_calls=25 goals: started=14 completed=11 active=3 skipped_historical=0
[INFO] [1787757365.680305578] [ros2_metrics_collector]: [panther2] Goal SUCCEEDED in 145.1s (recoveries: spin=0 backup=0 wait=0 drive=0)
[INFO] [1787757365.696675128] [ros2_metrics_collector]: [panther2] Goal started: status=EXECUTING
[INFO] [1787757368.232143465] [ros2_metrics_collector]: Flushed 1 goal(s) to CSV
[INFO] [1787757391.397743953] [ros2_metrics_collector]: [diag] elapsed=420s status_cb_calls=27 goals: started=15 completed=12 active=3 skipped_historical=0
[INFO] [1787757421.904289961] [ros2_metrics_collector]: [diag] elapsed=450s status_cb_calls=27 goals: started=15 completed=12 active=3 skipped_historical=0
[INFO] [1787757447.515577441] [ros2_metrics_collector]: [panther3] Goal SUCCEEDED in 127.3s (recoveries: spin=0 backup=0 wait=0 drive=0)
[INFO] [1787757447.521709390] [ros2_metrics_collector]: [panther3] Goal started: status=EXECUTING
[INFO] [1787757449.211778421] [ros2_metrics_collector]: Flushed 1 goal(s) to CSV
[INFO] [1787757456.347750664] [ros2_metrics_collector]: [panther] Goal SUCCEEDED in 155.0s (recoveries: spin=0 backup=0 wait=0 drive=0)
[INFO] [1787757456.468715161] [ros2_metrics_collector]: [panther] Goal started: status=EXECUTING
[INFO] [1787757456.513952413] [ros2_metrics_collector]: Flushed 1 goal(s) to CSV
[INFO] [1787757459.072286318] [ros2_metrics_collector]: [panther2] Goal SUCCEEDED in 93.4s (recoveries: spin=0 backup=0 wait=0 drive=0)
[INFO] [1787757459.156789297] [ros2_metrics_collector]: [panther2] Goal started: status=EXECUTING
[INFO] [1787757459.988432164] [ros2_metrics_collector]: Flushed 1 goal(s) to CSV
[INFO] [1787757474.298118343] [ros2_metrics_collector]: Duration reached — shutting down
[INFO] [1787757474.298622520] [ros2_metrics_collector]: Final stats: status_cb_calls=33 goals_started=18 goals_completed=15 goals_skipped_historical=0
[INFO] [1787757474.299154488] [ros2_metrics_collector]: CSV files closed
