[INFO] [1787410435.521596052] [ros2_metrics_collector]: Subscribed to /panther/navigate_to_pose/_action/status
[INFO] [1787410435.527807638] [ros2_metrics_collector]: Subscribed to /panther2/navigate_to_pose/_action/status
[INFO] [1787410435.530678314] [ros2_metrics_collector]: Goal CSV initialised: /output/ros2_goals.csv
[INFO] [1787410435.531345399] [ros2_metrics_collector]: Collecting metrics for ['panther', 'panther2'] → /output (300s)
[INFO] [1787410435.533646258] [ros2_metrics_collector]: [panther] Goal started: status=EXECUTING
[INFO] [1787410435.534275699] [ros2_metrics_collector]: [panther2] Goal started: status=EXECUTING
[INFO] [1787410437.318410007] [ros2_metrics_collector]: [panther] Recovery triggered: spin
[INFO] [1787410449.183663605] [ros2_metrics_collector]: [panther] Goal SUCCEEDED in 13.6s (recoveries: spin=1 backup=0 wait=0 drive=0)
[INFO] [1787410449.239539252] [ros2_metrics_collector]: [panther] Goal started: status=EXECUTING
[INFO] [1787410450.431865910] [ros2_metrics_collector]: Flushed 1 goal(s) to CSV
[INFO] [1787410458.121038003] [ros2_metrics_collector]: [panther2] Goal SUCCEEDED in 22.6s (recoveries: spin=0 backup=0 wait=0 drive=0)
[INFO] [1787410458.156713593] [ros2_metrics_collector]: [panther2] Goal started: status=EXECUTING
[INFO] [1787410458.460689619] [ros2_metrics_collector]: Flushed 1 goal(s) to CSV
[INFO] [1787410495.450918291] [ros2_metrics_collector]: [diag] elapsed=60s status_cb_calls=6 goals: started=4 completed=2 active=2 skipped_historical=0
[INFO] [1787410513.811696478] [ros2_metrics_collector]: [panther] Goal SUCCEEDED in 64.6s (recoveries: spin=0 backup=0 wait=0 drive=0)
[INFO] [1787410513.890456403] [ros2_metrics_collector]: [panther] Goal started: status=EXECUTING
[INFO] [1787410514.493662449] [ros2_metrics_collector]: Flushed 1 goal(s) to CSV
[INFO] [1787410527.335635577] [ros2_metrics_collector]: [panther2] Goal SUCCEEDED in 69.2s (recoveries: spin=0 backup=0 wait=0 drive=0)
[INFO] [1787410527.400667026] [ros2_metrics_collector]: [panther2] Goal started: status=EXECUTING
[INFO] [1787410529.063756311] [ros2_metrics_collector]: Flushed 1 goal(s) to CSV
[INFO] [1787410556.259575073] [ros2_metrics_collector]: [diag] elapsed=120s status_cb_calls=10 goals: started=6 completed=4 active=2 skipped_historical=0
[INFO] [1787410586.023109681] [ros2_metrics_collector]: [diag] elapsed=150s status_cb_calls=10 goals: started=6 completed=4 active=2 skipped_historical=0
[INFO] [1787410586.369594018] [ros2_metrics_collector]: [panther] Goal SUCCEEDED in 72.5s (recoveries: spin=0 backup=0 wait=0 drive=0)
[INFO] [1787410586.386419527] [ros2_metrics_collector]: [panther] Goal started: status=EXECUTING
[INFO] [1787410588.007783561] [ros2_metrics_collector]: Flushed 1 goal(s) to CSV
[INFO] [1787410602.261990589] [ros2_metrics_collector]: [panther2] Goal SUCCEEDED in 74.9s (recoveries: spin=0 backup=0 wait=0 drive=0)
[INFO] [1787410602.362988584] [ros2_metrics_collector]: [panther2] Goal started: status=EXECUTING
[INFO] [1787410603.327460250] [ros2_metrics_collector]: Flushed 1 goal(s) to CSV
[INFO] [1787410646.020989623] [ros2_metrics_collector]: [diag] elapsed=210s status_cb_calls=14 goals: started=8 completed=6 active=2 skipped_historical=0
[INFO] [1787410666.454176081] [ros2_metrics_collector]: [panther] Goal SUCCEEDED in 80.1s (recoveries: spin=0 backup=0 wait=0 drive=0)
[INFO] [1787410666.544750194] [ros2_metrics_collector]: [panther] Goal started: status=EXECUTING
[INFO] [1787410668.068497776] [ros2_metrics_collector]: Flushed 1 goal(s) to CSV
[INFO] [1787410676.067213810] [ros2_metrics_collector]: [diag] elapsed=240s status_cb_calls=16 goals: started=9 completed=7 active=2 skipped_historical=0
[INFO] [1787410693.655082946] [ros2_metrics_collector]: [panther2] Goal SUCCEEDED in 91.3s (recoveries: spin=0 backup=0 wait=0 drive=0)
[INFO] [1787410693.714729814] [ros2_metrics_collector]: [panther2] Goal started: status=EXECUTING
[INFO] [1787410694.968384473] [ros2_metrics_collector]: Flushed 1 goal(s) to CSV
[INFO] [1787410737.682402767] [ros2_metrics_collector]: Duration reached — shutting down
[INFO] [1787410737.682862794] [ros2_metrics_collector]: Final stats: status_cb_calls=18 goals_started=10 goals_completed=8 goals_skipped_historical=0
[INFO] [1787410737.683366205] [ros2_metrics_collector]: CSV files closed
